=~=~=~=~=~=~=~=~=~=~=~= PuTTY log 2020.10.14 10:25:32 =~=~=~=~=~=~=~=~=~=~=~=
login as: thomas
thomas@192.168.193.128's password: 
Last login: Wed Oct 14 09:18:16 2020 from 192.168.193.1
[thomas@localhost ~]$ ls
 a                   documents.tar.gz   file3                      Openbaar
 Afbeeldingen        Downloads          ilnx-labos-2021-thomaxxl   Sjablonen
 Bureaublad          f                  linux                      TEST
 Documenten          file1              linux.tar.bz2              test.txt
 documents.tar.bz2   file2              Muziek                    "Video's"
[thomas@localhost ~]$ find / -type d > all.txt 2>&1
[thomas@localhost ~]$ less all.txt 7
/
/boot
/boot/extlinux
/boot/loader
/boot/loader/entries
find: /boot/loader/entries: Toegang geweigerd
/boot/efi
find: /boot/efi: Toegang geweigerd
/boot/lost+found
find: /boot/lost+found: Toegang geweigerd
/boot/grub2
find: /boot/grub2: Toegang geweigerd
/proc
/proc/fs
/proc/fs/ext4
/proc/fs/ext4/dm-0
/proc/fs/ext4/sda1
/proc/fs/jbd2
/proc/fs/jbd2/dm-0-8
/proc/fs/jbd2/sda1-8
/proc/fs/nfsd
/proc/bus
/proc/bus/pci
all.txt[thomas@localhost ~]$ cd ilnx-labos-2021-thomaxxl/
[thomas@localhost ilnx-labos-2021-thomaxxl]$ git remote -v
origingit@github.com:hogenttin/ilnx-labos-2021-thomaxxl.git (fetch)
origingit@github.com:hogenttin/ilnx-labos-2021-thomaxxl.git (push)
[thomas@localhost ilnx-labos-2021-thomaxxl]$ 
[thomas@localhost ilnx-labos-2021-thomaxxl]$ 
[thomas@localhost ilnx-labos-2021-thomaxxl]$ ssh-keygen
Generating public/private rsa key pair.
Enter file in which to save the key (/home/thomas/.ssh/id_rsa): 
/home/thomas/.ssh/id_rsa already exists.
Overwrite (y/n)? ^C
[thomas@localhost ilnx-labos-2021-thomaxxl]$ 
[thomas@localhost ilnx-labos-2021-thomaxxl]$ 
[thomas@localhost ilnx-labos-2021-thomaxxl]$ 
[thomas@localhost ilnx-labos-2021-thomaxxl]$ 
[thomas@localhost ilnx-labos-2021-thomaxxl]$ ls ~/.ssh/
id_rsa  id_rsa.pub  known_hosts
[thomas@localhost ilnx-labos-2021-thomaxxl]$ ls ~/.ssh/ ~/.ssh/c ~/.ssh/a ~/.ssh/t ~/.ssh/id_rsa.pub
ssh-rsa AAAAB3NzaC1yc2EAAAADAQABAAABgQDTY4Nrn3JFP5pzK6KiVGNfQJTjRmYr3KA6jJ2OIxn85JXxeLEDiDqpyQcOgJ2AUq++OQcN+zErWO7L4mKGFb6dSkWDKBU0eIgCZzscAF6iSBnmDS6tKs3BhHr+EYkj7bVJHup/xMeHN3UbLHbvKJ4Rtm40oFZrcYLE7iZPNFBNazTz+XzuGWK4Od2w8PwGDg6tSBu1FiLIwluxCiqN9XMrnhZYuMGccUFLJcZKN8KerbY7scWAktXRvRqSlvwy4eBE0WamFNS/Ye/Jq5QXjIHHBO64/wieL/BwWMKdfenviWI2o4ZpHyWrzc0hBXyVG9/V64HlkUGFVepGUHxItHXok7coW/P5TffmQID7I7UP/qv6w2qx6Yh/LiZwF4MIx0sJxxSFAKPerLRNZjMKowG9N6GhLavYTrNWGl94Fy38ce5Oe9Rkn8hYyp+XOSqD/l0aA18InvAxYEL7ofwQoxdXNfmykUOU19vKirh/uXJ0IZWw+z2C/fZuf4EeUUEDJUE= thomas@localhost.localdomain
[thomas@localhost ilnx-labos-2021-thomaxxl]$ [thomas@localhost ilnx-labos-2021-thomaxxl]$ 
[thomas@localhost ilnx-labos-2021-thomaxxl]$ 
[thomas@localhost ilnx-labos-2021-thomaxxl]$ 
[thomas@localhost ilnx-labos-2021-thomaxxl]$ cat ~/.ssh/id_rsa.publs ~/.ssh/ssh-keygengit remote -v
origingit@github.com:hogenttin/ilnx-labos-2021-thomaxxl.git (fetch)
origingit@github.com:hogenttin/ilnx-labos-2021-thomaxxl.git (push)
[thomas@localhost ilnx-labos-2021-thomaxxl]$ cd /var/tmp/
[thomas@localhost tmp]$ git clone  git@github.com:hogenttin/ilnx-labos-2021-thomaxxl.git
Cloning into 'ilnx-labos-2021-thomaxxl'...
remote: Enumerating objects: 162, done.
remote: Counting objects:   0% (1/162)remote: Counting objects:   1% (2/162)remote: Counting objects:   2% (4/162)remote: Counting objects:   3% (5/162)remote: Counting objects:   4% (7/162)remote: Counting objects:   5% (9/162)remote: Counting objects:   6% (10/162)remote: Counting objects:   7% (12/162)remote: Counting objects:   8% (13/162)remote: Counting objects:   9% (15/162)remote: Counting objects:  10% (17/162)remote: Counting objects:  11% (18/162)remote: Counting objects:  12% (20/162)remote: Counting objects:  13% (22/162)remote: Counting objects:  14% (23/162)remote: Counting objects:  15% (25/162)remote: Counting objects:  16% (26/162)remote: Counting objects:  17% (28/162)remote: Counting objects:  18% (30/162)remote: Counting objects:  19% (31/162)remote: Counting objects:  20% (33/162)remote: Counting objects:  21% (35/162)remote: Counting objects:  22% (36/162)remote: Counting objects:  23% (38/162)remote: Counting objects:  24% (39/162)remote: Counting objects:  25% (41/162)remote: Counting objects:  26% (43/162)remote: Counting objects:  27% (44/162)remote: Counting objects:  28% (46/162)remote: Counting objects:  29% (47/162)remote: Counting objects:  30% (49/162)remote: Counting objects:  31% (51/162)remote: Counting objects:  32% (52/162)remote: Counting objects:  33% (54/162)remote: Counting objects:  34% (56/162)remote: Counting objects:  35% (57/162)remote: Counting objects:  36% (59/162)remote: Counting objects:  37% (60/162)remote: Counting objects:  38% (62/162)remote: Counting objects:  39% (64/162)remote: Counting objects:  40% (65/162)remote: Counting objects:  41% (67/162)remote: Counting objects:  42% (69/162)remote: Counting objects:  43% (70/162)remote: Counting objects:  44% (72/162)remote: Counting objects:  45% (73/162)remote: Counting objects:  46% (75/162)remote: Counting objects:  47% (77/162)remote: Counting objects:  48% (78/162)remote: Counting objects:  49% (80/162)remote: Counting objects:  50% (81/162)remote: Counting objects:  51% (83/162)remote: Counting objects:  52% (85/162)remote: Counting objects:  53% (86/162)remote: Counting objects:  54% (88/162)remote: Counting objects:  55% (90/162)remote: Counting objects:  56% (91/162)remote: Counting objects:  57% (93/162)remote: Counting objects:  58% (94/162)remote: Counting objects:  59% (96/162)remote: Counting objects:  60% (98/162)remote: Counting objects:  61% (99/162)remote: Counting objects:  62% (101/162)remote: Counting objects:  63% (103/162)remote: Counting objects:  64% (104/162)remote: Counting objects:  65% (106/162)remote: Counting objects:  66% (107/162)remote: Counting objects:  67% (109/162)remote: Counting objects:  68% (111/162)remote: Counting objects:  69% (112/162)remote: Counting objects:  70% (114/162)remote: Counting objects:  71% (116/162)remote: Counting objects:  72% (117/162)remote: Counting objects:  73% (119/162)remote: Counting objects:  74% (120/162)remote: Counting objects:  75% (122/162)remote: Counting objects:  76% (124/162)remote: Counting objects:  77% (125/162)remote: Counting objects:  78% (127/162)remote: Counting objects:  79% (128/162)remote: Counting objects:  80% (130/162)remote: Counting objects:  81% (132/162)remote: Counting objects:  82% (133/162)remote: Counting objects:  83% (135/162)remote: Counting objects:  84% (137/162)remote: Counting objects:  85% (138/162)remote: Counting objects:  86% (140/162)remote: Counting objects:  87% (141/162)remote: Counting objects:  88% (143/162)remote: Counting objects:  89% (145/162)remote: Counting objects:  90% (146/162)remote: Counting objects:  91% (148/162)remote: Counting objects:  92% (150/162)remote: Counting objects:  93% (151/162)remote: Counting objects:  94% (153/162)remote: Counting objects:  95% (154/162)remote: Counting objects:  96% (156/162)remote: Counting objects:  97% (158/162)remote: Counting objects:  98% (159/162)remote: Counting objects:  99% (161/162)remote: Counting objects: 100% (162/162)remote: Counting objects: 100% (162/162), done.
remote: Compressing objects:   0% (1/104)remote: Compressing objects:   1% (2/104)remote: Compressing objects:   2% (3/104)remote: Compressing objects:   3% (4/104)remote: Compressing objects:   4% (5/104)remote: Compressing objects:   5% (6/104)remote: Compressing objects:   6% (7/104)remote: Compressing objects:   7% (8/104)remote: Compressing objects:   8% (9/104)remote: Compressing objects:   9% (10/104)remote: Compressing objects:  10% (11/104)remote: Compressing objects:  11% (12/104)remote: Compressing objects:  12% (13/104)remote: Compressing objects:  13% (14/104)remote: Compressing objects:  14% (15/104)remote: Compressing objects:  15% (16/104)remote: Compressing objects:  16% (17/104)remote: Compressing objects:  17% (18/104)remote: Compressing objects:  18% (19/104)remote: Compressing objects:  19% (20/104)remote: Compressing objects:  20% (21/104)remote: Compressing objects:  21% (22/104)remote: Compressing objects:  22% (23/104)remote: Compressing objects:  23% (24/104)remote: Compressing objects:  24% (25/104)remote: Compressing objects:  25% (26/104)remote: Compressing objects:  26% (28/104)remote: Compressing objects:  27% (29/104)remote: Compressing objects:  28% (30/104)remote: Compressing objects:  29% (31/104)remote: Compressing objects:  30% (32/104)remote: Compressing objects:  31% (33/104)remote: Compressing objects:  32% (34/104)remote: Compressing objects:  33% (35/104)remote: Compressing objects:  34% (36/104)remote: Compressing objects:  35% (37/104)remote: Compressing objects:  36% (38/104)remote: Compressing objects:  37% (39/104)remote: Compressing objects:  38% (40/104)remote: Compressing objects:  39% (41/104)remote: Compressing objects:  40% (42/104)remote: Compressing objects:  41% (43/104)remote: Compressing objects:  42% (44/104)remote: Compressing objects:  43% (45/104)remote: Compressing objects:  44% (46/104)remote: Compressing objects:  45% (47/104)remote: Compressing objects:  46% (48/104)remote: Compressing objects:  47% (49/104)remote: Compressing objects:  48% (50/104)remote: Compressing objects:  49% (51/104)remote: Compressing objects:  50% (52/104)remote: Compressing objects:  51% (54/104)remote: Compressing objects:  52% (55/104)remote: Compressing objects:  53% (56/104)remote: Compressing objects:  54% (57/104)remote: Compressing objects:  55% (58/104)remote: Compressing objects:  56% (59/104)remote: Compressing objects:  57% (60/104)remote: Compressing objects:  58% (61/104)remote: Compressing objects:  59% (62/104)remote: Compressing objects:  60% (63/104)remote: Compressing objects:  61% (64/104)remote: Compressing objects:  62% (65/104)remote: Compressing objects:  63% (66/104)remote: Compressing objects:  64% (67/104)remote: Compressing objects:  65% (68/104)remote: Compressing objects:  66% (69/104)remote: Compressing objects:  67% (70/104)remote: Compressing objects:  68% (71/104)remote: Compressing objects:  69% (72/104)remote: Compressing objects:  70% (73/104)remote: Compressing objects:  71% (74/104)remote: Compressing objects:  72% (75/104)remote: Compressing objects:  73% (76/104)remote: Compressing objects:  74% (77/104)remote: Compressing objects:  75% (78/104)remote: Compressing objects:  76% (80/104)remote: Compressing objects:  77% (81/104)remote: Compressing objects:  78% (82/104)remote: Compressing objects:  79% (83/104)remote: Compressing objects:  80% (84/104)remote: Compressing objects:  81% (85/104)remote: Compressing objects:  82% (86/104)remote: Compressing objects:  83% (87/104)remote: Compressing objects:  84% (88/104)remote: Compressing objects:  85% (89/104)remote: Compressing objects:  86% (90/104)remote: Compressing objects:  87% (91/104)remote: Compressing objects:  88% (92/104)remote: Compressing objects:  89% (93/104)remote: Compressing objects:  90% (94/104)remote: Compressing objects:  91% (95/104)remote: Compressing objects:  92% (96/104)remote: Compressing objects:  93% (97/104)remote: Compressing objects:  94% (98/104)remote: Compressing objects:  95% (99/104)remote: Compressing objects:  96% (100/104)remote: Compressing objects:  97% (101/104)remote: Compressing objects:  98% (102/104)remote: Compressing objects:  99% (103/104)remote: Compressing objects: 100% (104/104)remote: Compressing objects: 100% (104/104), done.
Receiving objects:   0% (1/162)Receiving objects:   1% (2/162)Receiving objects:   2% (4/162)Receiving objects:   3% (5/162)Receiving objects:   4% (7/162)Receiving objects:   5% (9/162)Receiving objects:   6% (10/162)Receiving objects:   7% (12/162)Receiving objects:   8% (13/162)Receiving objects:   9% (15/162)Receiving objects:  10% (17/162)Receiving objects:  11% (18/162)Receiving objects:  12% (20/162)Receiving objects:  13% (22/162)Receiving objects:  14% (23/162)Receiving objects:  15% (25/162)Receiving objects:  16% (26/162)Receiving objects:  17% (28/162)Receiving objects:  18% (30/162)Receiving objects:  19% (31/162)Receiving objects:  20% (33/162)Receiving objects:  21% (35/162)Receiving objects:  22% (36/162)Receiving objects:  23% (38/162)Receiving objects:  24% (39/162)Receiving objects:  25% (41/162)Receiving objects:  26% (43/162)Receiving objects:  27% (44/162)Receiving objects:  28% (46/162)Receiving objects:  29% (47/162)remote: Total 162 (delta 66), reused 116 (delta 28), pack-reused 0
Receiving objects:  30% (49/162)Receiving objects:  31% (51/162)Receiving objects:  32% (52/162)Receiving objects:  33% (54/162)Receiving objects:  34% (56/162)Receiving objects:  35% (57/162)Receiving objects:  36% (59/162)Receiving objects:  37% (60/162)Receiving objects:  38% (62/162)Receiving objects:  39% (64/162)Receiving objects:  40% (65/162)Receiving objects:  41% (67/162)Receiving objects:  42% (69/162)Receiving objects:  43% (70/162)Receiving objects:  44% (72/162)Receiving objects:  45% (73/162)Receiving objects:  46% (75/162)Receiving objects:  47% (77/162)Receiving objects:  48% (78/162)Receiving objects:  49% (80/162)Receiving objects:  50% (81/162)Receiving objects:  51% (83/162)Receiving objects:  52% (85/162)Receiving objects:  53% (86/162)Receiving objects:  54% (88/162)Receiving objects:  55% (90/162)Receiving objects:  56% (91/162)Receiving objects:  57% (93/162)Receiving objects:  58% (94/162)Receiving objects:  59% (96/162)Receiving objects:  60% (98/162)Receiving objects:  61% (99/162)Receiving objects:  62% (101/162)Receiving objects:  63% (103/162)Receiving objects:  64% (104/162)Receiving objects:  65% (106/162)Receiving objects:  66% (107/162)Receiving objects:  67% (109/162)Receiving objects:  68% (111/162)Receiving objects:  69% (112/162)Receiving objects:  70% (114/162)Receiving objects:  71% (116/162)Receiving objects:  72% (117/162)Receiving objects:  73% (119/162)Receiving objects:  74% (120/162)Receiving objects:  75% (122/162)Receiving objects:  76% (124/162)Receiving objects:  77% (125/162)Receiving objects:  78% (127/162)Receiving objects:  79% (128/162)Receiving objects:  80% (130/162)Receiving objects:  81% (132/162)Receiving objects:  82% (133/162)Receiving objects:  83% (135/162)Receiving objects:  84% (137/162)Receiving objects:  85% (138/162)Receiving objects:  86% (140/162)Receiving objects:  87% (141/162)Receiving objects:  88% (143/162)Receiving objects:  89% (145/162)Receiving objects:  90% (146/162)Receiving objects:  91% (148/162)Receiving objects:  92% (150/162)Receiving objects:  93% (151/162)Receiving objects:  94% (153/162)Receiving objects:  95% (154/162)Receiving objects:  96% (156/162)Receiving objects:  97% (158/162)Receiving objects:  98% (159/162)Receiving objects:  99% (161/162)Receiving objects: 100% (162/162)Receiving objects: 100% (162/162), 40.82 KiB | 491.00 KiB/s, done.
Resolving deltas:   0% (0/66)Resolving deltas:  50% (33/66)Resolving deltas:  51% (34/66)Resolving deltas:  53% (35/66)Resolving deltas:  93% (62/66)Resolving deltas: 100% (66/66)Resolving deltas: 100% (66/66), done.
[thomas@localhost tmp]$ ls
abrt
dnf-thomas-sbe3qbav
ilnx-labos-2021-thomaxxl
systemd-private-11de6fed983c4be8b7a9fb54f4f91369-bluetooth.service-Mj98Ag
systemd-private-11de6fed983c4be8b7a9fb54f4f91369-chronyd.service-cumicj
systemd-private-11de6fed983c4be8b7a9fb54f4f91369-colord.service-wWrH8e
systemd-private-11de6fed983c4be8b7a9fb54f4f91369-dbus-broker.service-wZLK1h
systemd-private-11de6fed983c4be8b7a9fb54f4f91369-earlyoom.service-dptt3i
systemd-private-11de6fed983c4be8b7a9fb54f4f91369-fwupd.service-zzAGzg
systemd-private-11de6fed983c4be8b7a9fb54f4f91369-geoclue.service-CWbyvg
systemd-private-11de6fed983c4be8b7a9fb54f4f91369-ModemManager.service-ewsVQg
systemd-private-11de6fed983c4be8b7a9fb54f4f91369-rtkit-daemon.service-5OKryf
systemd-private-11de6fed983c4be8b7a9fb54f4f91369-switcheroo-control.service-KJpbGh
systemd-private-11de6fed983c4be8b7a9fb54f4f91369-systemd-logind.service-ynpgEf
systemd-private-11de6fed983c4be8b7a9fb54f4f91369-upower.service-nc094g
[thomas@localhost tmp]$ cd ilnx-labos-2021-thomaxxl
[thomas@localhost ilnx-labos-2021-thomaxxl]$ ll
totaal 92
-rw-rw-r--. 1 thomas thomas   888 14 okt 10:38 cheat-sheet.md
-rw-rw-r--. 1 thomas thomas  3704 14 okt 10:38 labo-1-installatie.md
-rw-rw-r--. 1 thomas thomas 11353 14 okt 10:38 labo-2-verkenning.md
drwxrwxr-x. 2 thomas thomas  4096 14 okt 10:38 labo3
-rw-rw-r--. 1 thomas thomas  9622 14 okt 10:38 labo-3-tekst.md
-rw-rw-r--. 1 thomas thomas  1994 14 okt 10:38 labo-4-intro-scripts.md
-rw-rw-r--. 1 thomas thomas 13301 14 okt 10:38 labo-5-gebruikers-bestandspermissies.md
drwxrwxr-x. 3 thomas thomas  4096 14 okt 10:38 labo6
-rw-rw-r--. 1 thomas thomas  6242 14 okt 10:38 labo-6-scripts.md
-rw-rw-r--. 1 thomas thomas  5967 14 okt 10:38 labo-7-webserver.md
drwxrwxr-x. 3 thomas thomas  4096 14 okt 10:38 labo8
-rw-rw-r--. 1 thomas thomas  3913 14 okt 10:38 labo-8-complex-scripts.md
drwxrwxr-x. 2 thomas thomas  4096 14 okt 10:38 logs
-rw-rw-r--. 1 thomas thomas  3369 14 okt 10:38 README.md
[thomas@localhost ilnx-labos-2021-thomaxxl]$ ssh-keygen 
Generating public/private rsa key pair.
Enter file in which to save the key (/home/thomas/.ssh/id_rsa): ^C
[thomas@localhost ilnx-labos-2021-thomaxxl]$ cat ~/.ssh/id_rsa.pub .pub
ssh-rsa AAAAB3NzaC1yc2EAAAADAQABAAABgQDTY4Nrn3JFP5pzK6KiVGNfQJTjRmYr3KA6jJ2OIxn85JXxeLEDiDqpyQcOgJ2AUq++OQcN+zErWO7L4mKGFb6dSkWDKBU0eIgCZzscAF6iSBnmDS6tKs3BhHr+EYkj7bVJHup/xMeHN3UbLHbvKJ4Rtm40oFZrcYLE7iZPNFBNazTz+XzuGWK4Od2w8PwGDg6tSBu1FiLIwluxCiqN9XMrnhZYuMGccUFLJcZKN8KerbY7scWAktXRvRqSlvwy4eBE0WamFNS/Ye/Jq5QXjIHHBO64/wieL/BwWMKdfenviWI2o4ZpHyWrzc0hBXyVG9/V64HlkUGFVepGUHxItHXok7coW/P5TffmQID7I7UP/qv6w2qx6Yh/LiZwF4MIx0sJxxSFAKPerLRNZjMKowG9N6GhLavYTrNWGl94Fy38ce5Oe9Rkn8hYyp+XOSqD/l0aA18InvAxYEL7ofwQoxdXNfmykUOU19vKirh/uXJ0IZWw+z2C/fZuf4EeUUEDJUE= thomas@localhost.localdomain
[thomas@localhost ilnx-labos-2021-thomaxxl]$ printf 'Error: %s is not a directory\n' "${dir}" >&2
Error:  is not a directory
[thomas@localhost ilnx-labos-2021-thomaxxl]$ cat << _EOF_
> Usage: ${0} [OPT]... [ARG]..
> 
> OPTIONS:
>   -h, --help  Print this help message
> 
> _EOF_
Usage: -bash [OPT]... [ARG]..

OPTIONS:
  -h, --help  Print this help message

[thomas@localhost ilnx-labos-2021-thomaxxl]$ 
[thomas@localhost ilnx-labos-2021-thomaxxl]$ 
[thomas@localhost ilnx-labos-2021-thomaxxl]$ 
[thomas@localhost ilnx-labos-2021-thomaxxl]$ cat << TEST
> sqqsdf
> fqdssd
> sdqfvcxzefqf
> qsdf
> TEST
sqqsdf
fqdssd
sdqfvcxzefqf
qsdf
[thomas@localhost ilnx-labos-2021-thomaxxl]$ 
[thomas@localhost ilnx-labos-2021-thomaxxl]$ 
[thomas@localhost ilnx-labos-2021-thomaxxl]$ 
[thomas@localhost ilnx-labos-2021-thomaxxl]$ ls
cheat-sheet.md         labo-3-tekst.md                          labo-6-scripts.md          logs
labo-1-installatie.md  labo-4-intro-scripts.md                  labo-7-webserver.md        README.md
labo-2-verkenning.md   labo-5-gebruikers-bestandspermissies.md  labo8
labo3                  labo6                                    labo-8-complex-scripts.md
[thomas@localhost ilnx-labos-2021-thomaxxl]$ ls | grep labo
labo-1-installatie.md
labo-2-verkenning.md
labo3
labo-3-tekst.md
labo-4-intro-scripts.md
labo-5-gebruikers-bestandspermissies.md
labo6
labo-6-scripts.md
labo-7-webserver.md
labo8
labo-8-complex-scripts.md
[thomas@localhost ilnx-labos-2021-thomaxxl]$ [thomas@localhost ilnx-labos-2021-thomaxxl]$ ls | grep labols | grep labols | grep labocat /etc/cservices head
# /etc/services:
# $Id: services,v 1.49 2017/08/18 12:43:23 ovasik Exp $
#
# Network services, Internet style
# IANA services version: last updated 2016-07-08
#
# Note that it is presently the policy of IANA to assign a single well-known
# port number for both TCP and UDP; hence, most entries here have two entries
# even if the protocol doesn't support UDP operations.
# Updated from RFC 1700, ``Assigned Numbers'' (October 1994).  Not all ports
[thomas@localhost ilnx-labos-2021-thomaxxl]$ head /etc/services -100 
# /etc/services:
# $Id: services,v 1.49 2017/08/18 12:43:23 ovasik Exp $
#
# Network services, Internet style
# IANA services version: last updated 2016-07-08
#
# Note that it is presently the policy of IANA to assign a single well-known
# port number for both TCP and UDP; hence, most entries here have two entries
# even if the protocol doesn't support UDP operations.
# Updated from RFC 1700, ``Assigned Numbers'' (October 1994).  Not all ports
# are included, only the more common ones.
#
# The latest IANA port assignments can be gotten from
#       http://www.iana.org/assignments/port-numbers
# The Well Known Ports are those from 0 through 1023.
# The Registered Ports are those from 1024 through 49151
# The Dynamic and/or Private Ports are those from 49152 through 65535
#
# Each line describes one service, and is of the form:
#
# service-name  port/protocol  [aliases ...]   [# comment]

tcpmux          1/tcp                           # TCP port service multiplexer
tcpmux          1/udp                           # TCP port service multiplexer
rje             5/tcp                           # Remote Job Entry
rje             5/udp                           # Remote Job Entry
echo            7/tcp
echo            7/udp
discard         9/tcp           sink null
discard         9/udp           sink null
systat          11/tcp          users
systat          11/udp          users
daytime         13/tcp
daytime         13/udp
qotd            17/tcp          quote
qotd            17/udp          quote
chargen         19/tcp          ttytst source
chargen         19/udp          ttytst source
ftp-data        20/tcp
ftp-data        20/udp
# 21 is registered to ftp, but also used by fsp
ftp             21/tcp
ftp             21/udp          fsp fspd
ssh             22/tcp                          # The Secure Shell (SSH) Protocol
ssh             22/udp                          # The Secure Shell (SSH) Protocol
telnet          23/tcp
telnet          23/udp
# 24 - private mail system
lmtp            24/tcp                          # LMTP Mail Delivery
lmtp            24/udp                          # LMTP Mail Delivery
smtp            25/tcp          mail
smtp            25/udp          mail
time            37/tcp          timserver
time            37/udp          timserver
rlp             39/tcp          resource        # resource location
rlp             39/udp          resource        # resource location
nameserver      42/tcp          name            # IEN 116
nameserver      42/udp          name            # IEN 116
nicname         43/tcp          whois
nicname         43/udp          whois
tacacs          49/tcp                          # Login Host Protocol (TACACS)
tacacs          49/udp                          # Login Host Protocol (TACACS)
re-mail-ck      50/tcp                          # Remote Mail Checking Protocol
re-mail-ck      50/udp                          # Remote Mail Checking Protocol
domain          53/tcp                          # name-domain server
domain          53/udp
whois++         63/tcp          whoispp
whois++         63/udp          whoispp
bootps          67/tcp                          # BOOTP server
bootps          67/udp
bootpc          68/tcp          dhcpc           # BOOTP client
bootpc          68/udp          dhcpc
tftp            69/tcp
tftp            69/udp
gopher          70/tcp                          # Internet Gopher
gopher          70/udp
netrjs-1        71/tcp                          # Remote Job Service
netrjs-1        71/udp                          # Remote Job Service
netrjs-2        72/tcp                          # Remote Job Service
netrjs-2        72/udp                          # Remote Job Service
netrjs-3        73/tcp                          # Remote Job Service
netrjs-3        73/udp                          # Remote Job Service
netrjs-4        74/tcp                          # Remote Job Service
netrjs-4        74/udp                          # Remote Job Service
finger          79/tcp
finger          79/udp
http            80/tcp          www www-http    # WorldWideWeb HTTP
http            80/udp          www www-http    # HyperText Transfer Protocol
http            80/sctp                         # HyperText Transfer Protocol
kerberos        88/tcp          kerberos5 krb5  # Kerberos v5
kerberos        88/udp          kerberos5 krb5  # Kerberos v5
supdup          95/tcp
supdup          95/udp
hostname        101/tcp         hostnames       # usually from sri-nic
hostname        101/udp         hostnames       # usually from sri-nic
iso-tsap        102/tcp         tsap            # part of ISODE.
csnet-ns        105/tcp         cso             # also used by CSO name server
csnet-ns        105/udp         cso
# unfortunately the poppassd (Eudora) uses a port which has already
# been assigned to a different service. We list the poppassd as an
[thomas@localhost ilnx-labos-2021-thomaxxl]$ head -100 /etc/services | awk '{print $2}'
/etc/services:
$Id:

Network
IANA

Note
port
even
Updated
are

The
http://www.iana.org/assignments/port-numbers
The
The
The

Each

service-name

1/tcp
1/udp
5/tcp
5/udp
7/tcp
7/udp
9/tcp
9/udp
11/tcp
11/udp
13/tcp
13/udp
17/tcp
17/udp
19/tcp
19/udp
20/tcp
20/udp
21
21/tcp
21/udp
22/tcp
22/udp
23/tcp
23/udp
24
24/tcp
24/udp
25/tcp
25/udp
37/tcp
37/udp
39/tcp
39/udp
42/tcp
42/udp
43/tcp
43/udp
49/tcp
49/udp
50/tcp
50/udp
53/tcp
53/udp
63/tcp
63/udp
67/tcp
67/udp
68/tcp
68/udp
69/tcp
69/udp
70/tcp
70/udp
71/tcp
71/udp
72/tcp
72/udp
73/tcp
73/udp
74/tcp
74/udp
79/tcp
79/udp
80/tcp
80/udp
80/sctp
88/tcp
88/udp
95/tcp
95/udp
101/tcp
101/udp
102/tcp
105/tcp
105/udp
unfortunately
been
[thomas@localhost ilnx-labos-2021-thomaxxl]$ head -100 /etc/services | awk '{print $2}'head -100 /etc/services | awk '{print $2}'cat .~/.ssh/id_rsa.pub 
ssh-rsa AAAAB3NzaC1yc2EAAAADAQABAAABgQDTY4Nrn3JFP5pzK6KiVGNfQJTjRmYr3KA6jJ2OIxn85JXxeLEDiDqpyQcOgJ2AUq++OQcN+zErWO7L4mKGFb6dSkWDKBU0eIgCZzscAF6iSBnmDS6tKs3BhHr+EYkj7bVJHup/xMeHN3UbLHbvKJ4Rtm40oFZrcYLE7iZPNFBNazTz+XzuGWK4Od2w8PwGDg6tSBu1FiLIwluxCiqN9XMrnhZYuMGccUFLJcZKN8KerbY7scWAktXRvRqSlvwy4eBE0WamFNS/Ye/Jq5QXjIHHBO64/wieL/BwWMKdfenviWI2o4ZpHyWrzc0hBXyVG9/V64HlkUGFVepGUHxItHXok7coW/P5TffmQID7I7UP/qv6w2qx6Yh/LiZwF4MIx0sJxxSFAKPerLRNZjMKowG9N6GhLavYTrNWGl94Fy38ce5Oe9Rkn8hYyp+XOSqD/l0aA18InvAxYEL7ofwQoxdXNfmykUOU19vKirh/uXJ0IZWw+z2C/fZuf4EeUUEDJUE= thomas@localhost.localdomain
[thomas@localhost ilnx-labos-2021-thomaxxl]$ 
[thomas@localhost ilnx-labos-2021-thomaxxl]$ 
[thomas@localhost ilnx-labos-2021-thomaxxl]$ git add **
[thomas@localhost ilnx-labos-2021-thomaxxl]$ git status
On branch master
Your branch is up to date with 'origin/master'.

nothing to commit, working tree clean
[thomas@localhost ilnx-labos-2021-thomaxxl]$ git commit -a m m "test"
On branch master
Your branch is up to date with 'origin/master'.

nothing to commit, working tree clean
[thomas@localhost ilnx-labos-2021-thomaxxl]$ git push oriigingin master
To github.com:hogenttin/ilnx-labos-2021-thomaxxl.git
 ! [rejected]        master -> master (fetch first)
error: failed to push some refs to 'git@github.com:hogenttin/ilnx-labos-2021-thomaxxl.git'
hint: Updates were rejected because the remote contains work that you do
hint: not have locally. This is usually caused by another repository pushing
hint: to the same ref. You may want to first integrate the remote changes
hint: (e.g., 'git pull ...') before pushing again.
hint: See the 'Note about fast-forwards' in 'git push --help' for details.
[thomas@localhost ilnx-labos-2021-thomaxxl]$ git compuull
remote: Enumerating objects: 243, done.
remote: Counting objects:   0% (1/243)remote: Counting objects:   1% (3/243)remote: Counting objects:   2% (5/243)remote: Counting objects:   3% (8/243)remote: Counting objects:   4% (10/243)remote: Counting objects:   5% (13/243)remote: Counting objects:   6% (15/243)remote: Counting objects:   7% (18/243)remote: Counting objects:   8% (20/243)remote: Counting objects:   9% (22/243)remote: Counting objects:  10% (25/243)remote: Counting objects:  11% (27/243)remote: Counting objects:  12% (30/243)remote: Counting objects:  13% (32/243)remote: Counting objects:  14% (35/243)remote: Counting objects:  15% (37/243)remote: Counting objects:  16% (39/243)remote: Counting objects:  17% (42/243)remote: Counting objects:  18% (44/243)remote: Counting objects:  19% (47/243)remote: Counting objects:  20% (49/243)remote: Counting objects:  21% (52/243)remote: Counting objects:  22% (54/243)remote: Counting objects:  23% (56/243)remote: Counting objects:  24% (59/243)remote: Counting objects:  25% (61/243)remote: Counting objects:  26% (64/243)remote: Counting objects:  27% (66/243)remote: Counting objects:  28% (69/243)remote: Counting objects:  29% (71/243)remote: Counting objects:  30% (73/243)remote: Counting objects:  31% (76/243)remote: Counting objects:  32% (78/243)remote: Counting objects:  33% (81/243)remote: Counting objects:  34% (83/243)remote: Counting objects:  35% (86/243)remote: Counting objects:  36% (88/243)remote: Counting objects:  37% (90/243)remote: Counting objects:  38% (93/243)remote: Counting objects:  39% (95/243)remote: Counting objects:  40% (98/243)remote: Counting objects:  41% (100/243)remote: Counting objects:  42% (103/243)remote: Counting objects:  43% (105/243)remote: Counting objects:  44% (107/243)remote: Counting objects:  45% (110/243)remote: Counting objects:  46% (112/243)remote: Counting objects:  47% (115/243)remote: Counting objects:  48% (117/243)remote: Counting objects:  49% (120/243)remote: Counting objects:  50% (122/243)remote: Counting objects:  51% (124/243)remote: Counting objects:  52% (127/243)remote: Counting objects:  53% (129/243)remote: Counting objects:  54% (132/243)remote: Counting objects:  55% (134/243)remote: Counting objects:  56% (137/243)remote: Counting objects:  57% (139/243)remote: Counting objects:  58% (141/243)remote: Counting objects:  59% (144/243)remote: Counting objects:  60% (146/243)remote: Counting objects:  61% (149/243)remote: Counting objects:  62% (151/243)remote: Counting objects:  63% (154/243)remote: Counting objects:  64% (156/243)remote: Counting objects:  65% (158/243)remote: Counting objects:  66% (161/243)remote: Counting objects:  67% (163/243)remote: Counting objects:  68% (166/243)remote: Counting objects:  69% (168/243)remote: Counting objects:  70% (171/243)remote: Counting objects:  71% (173/243)remote: Counting objects:  72% (175/243)remote: Counting objects:  73% (178/243)remote: Counting objects:  74% (180/243)remote: Counting objects:  75% (183/243)remote: Counting objects:  76% (185/243)remote: Counting objects:  77% (188/243)remote: Counting objects:  78% (190/243)remote: Counting objects:  79% (192/243)remote: Counting objects:  80% (195/243)remote: Counting objects:  81% (197/243)remote: Counting objects:  82% (200/243)remote: Counting objects:  83% (202/243)remote: Counting objects:  84% (205/243)remote: Counting objects:  85% (207/243)remote: Counting objects:  86% (209/243)remote: Counting objects:  87% (212/243)remote: Counting objects:  88% (214/243)remote: Counting objects:  89% (217/243)remote: Counting objects:  90% (219/243)remote: Counting objects:  91% (222/243)remote: Counting objects:  92% (224/243)remote: Counting objects:  93% (226/243)remote: Counting objects:  94% (229/243)remote: Counting objects:  95% (231/243)remote: Counting objects:  96% (234/243)remote: Counting objects:  97% (236/243)remote: Counting objects:  98% (239/243)remote: Counting objects:  99% (241/243)remote: Counting objects: 100% (243/243)remote: Counting objects: 100% (243/243), done.
remote: Compressing objects:   0% (1/121)remote: Compressing objects:   1% (2/121)remote: Compressing objects:   2% (3/121)remote: Compressing objects:   3% (4/121)remote: Compressing objects:   4% (5/121)remote: Compressing objects:   5% (7/121)remote: Compressing objects:   6% (8/121)remote: Compressing objects:   7% (9/121)remote: Compressing objects:   8% (10/121)remote: Compressing objects:   9% (11/121)remote: Compressing objects:  10% (13/121)remote: Compressing objects:  11% (14/121)remote: Compressing objects:  12% (15/121)remote: Compressing objects:  13% (16/121)remote: Compressing objects:  14% (17/121)remote: Compressing objects:  15% (19/121)remote: Compressing objects:  16% (20/121)remote: Compressing objects:  17% (21/121)remote: Compressing objects:  18% (22/121)remote: Compressing objects:  19% (23/121)remote: Compressing objects:  20% (25/121)remote: Compressing objects:  21% (26/121)remote: Compressing objects:  22% (27/121)remote: Compressing objects:  23% (28/121)remote: Compressing objects:  24% (30/121)remote: Compressing objects:  25% (31/121)remote: Compressing objects:  26% (32/121)remote: Compressing objects:  27% (33/121)remote: Compressing objects:  28% (34/121)remote: Compressing objects:  29% (36/121)remote: Compressing objects:  30% (37/121)remote: Compressing objects:  31% (38/121)remote: Compressing objects:  32% (39/121)remote: Compressing objects:  33% (40/121)remote: Compressing objects:  34% (42/121)remote: Compressing objects:  35% (43/121)remote: Compressing objects:  36% (44/121)remote: Compressing objects:  37% (45/121)remote: Compressing objects:  38% (46/121)remote: Compressing objects:  39% (48/121)remote: Compressing objects:  40% (49/121)remote: Compressing objects:  41% (50/121)remote: Compressing objects:  42% (51/121)remote: Compressing objects:  43% (53/121)remote: Compressing objects:  44% (54/121)remote: Compressing objects:  45% (55/121)remote: Compressing objects:  46% (56/121)remote: Compressing objects:  47% (57/121)remote: Compressing objects:  48% (59/121)remote: Compressing objects:  49% (60/121)remote: Compressing objects:  50% (61/121)remote: Compressing objects:  51% (62/121)remote: Compressing objects:  52% (63/121)remote: Compressing objects:  53% (65/121)remote: Compressing objects:  54% (66/121)remote: Compressing objects:  55% (67/121)remote: Compressing objects:  56% (68/121)remote: Compressing objects:  57% (69/121)remote: Compressing objects:  58% (71/121)remote: Compressing objects:  59% (72/121)remote: Compressing objects:  60% (73/121)remote: Compressing objects:  61% (74/121)remote: Compressing objects:  62% (76/121)remote: Compressing objects:  63% (77/121)remote: Compressing objects:  64% (78/121)remote: Compressing objects:  65% (79/121)remote: Compressing objects:  66% (80/121)remote: Compressing objects:  67% (82/121)remote: Compressing objects:  68% (83/121)remote: Compressing objects:  69% (84/121)remote: Compressing objects:  70% (85/121)remote: Compressing objects:  71% (86/121)remote: Compressing objects:  72% (88/121)remote: Compressing objects:  73% (89/121)remote: Compressing objects:  74% (90/121)remote: Compressing objects:  75% (91/121)remote: Compressing objects:  76% (92/121)remote: Compressing objects:  77% (94/121)remote: Compressing objects:  78% (95/121)remote: Compressing objects:  79% (96/121)remote: Compressing objects:  80% (97/121)remote: Compressing objects:  81% (99/121)remote: Compressing objects:  82% (100/121)remote: Compressing objects:  83% (101/121)remote: Compressing objects:  84% (102/121)remote: Compressing objects:  85% (103/121)remote: Compressing objects:  86% (105/121)remote: Compressing objects:  87% (106/121)remote: Compressing objects:  88% (107/121)remote: Compressing objects:  89% (108/121)remote: Compressing objects:  90% (109/121)remote: Compressing objects:  91% (111/121)remote: Compressing objects:  92% (112/121)remote: Compressing objects:  93% (113/121)remote: Compressing objects:  94% (114/121)remote: Compressing objects:  95% (115/121)remote: Compressing objects:  96% (117/121)remote: Compressing objects:  97% (118/121)remote: Compressing objects:  98% (119/121)remote: Compressing objects:  99% (120/121)remote: Compressing objects: 100% (121/121)remote: Compressing objects: 100% (121/121), done.
Receiving objects:   0% (1/240)Receiving objects:   1% (3/240)Receiving objects:   2% (5/240)Receiving objects:   3% (8/240)Receiving objects:   4% (10/240)Receiving objects:   5% (12/240)Receiving objects:   6% (15/240)Receiving objects:   7% (17/240)Receiving objects:   8% (20/240)Receiving objects:   9% (22/240)Receiving objects:  10% (24/240)Receiving objects:  11% (27/240)Receiving objects:  12% (29/240)Receiving objects:  13% (32/240)Receiving objects:  14% (34/240)Receiving objects:  15% (36/240)Receiving objects:  16% (39/240)Receiving objects:  17% (41/240)Receiving objects:  18% (44/240)Receiving objects:  19% (46/240)Receiving objects:  20% (48/240)Receiving objects:  21% (51/240)Receiving objects:  22% (53/240)Receiving objects:  23% (56/240)Receiving objects:  24% (58/240)Receiving objects:  25% (60/240)Receiving objects:  26% (63/240)Receiving objects:  27% (65/240)Receiving objects:  28% (68/240)Receiving objects:  29% (70/240)Receiving objects:  30% (72/240)Receiving objects:  31% (75/240)Receiving objects:  32% (77/240)Receiving objects:  33% (80/240)Receiving objects:  34% (82/240)Receiving objects:  35% (84/240)Receiving objects:  36% (87/240)Receiving objects:  37% (89/240)Receiving objects:  38% (92/240)Receiving objects:  39% (94/240)Receiving objects:  40% (96/240)Receiving objects:  41% (99/240)Receiving objects:  42% (101/240)Receiving objects:  43% (104/240)Receiving objects:  44% (106/240)Receiving objects:  45% (108/240)Receiving objects:  46% (111/240)Receiving objects:  47% (113/240)Receiving objects:  48% (116/240)Receiving objects:  49% (118/240)Receiving objects:  50% (120/240)Receiving objects:  51% (123/240)remote: Total 240 (delta 118), reused 180 (delta 59), pack-reused 0
Receiving objects:  52% (125/240)Receiving objects:  53% (128/240)Receiving objects:  54% (130/240)Receiving objects:  55% (132/240)Receiving objects:  56% (135/240)Receiving objects:  57% (137/240)Receiving objects:  58% (140/240)Receiving objects:  59% (142/240)Receiving objects:  60% (144/240)Receiving objects:  61% (147/240)Receiving objects:  62% (149/240)Receiving objects:  63% (152/240)Receiving objects:  64% (154/240)Receiving objects:  65% (156/240)Receiving objects:  66% (159/240)Receiving objects:  67% (161/240)Receiving objects:  68% (164/240)Receiving objects:  69% (166/240)Receiving objects:  70% (168/240)Receiving objects:  71% (171/240)Receiving objects:  72% (173/240)Receiving objects:  73% (176/240)Receiving objects:  74% (178/240)Receiving objects:  75% (180/240)Receiving objects:  76% (183/240)Receiving objects:  77% (185/240)Receiving objects:  78% (188/240)Receiving objects:  79% (190/240)Receiving objects:  80% (192/240)Receiving objects:  81% (195/240)Receiving objects:  82% (197/240)Receiving objects:  83% (200/240)Receiving objects:  84% (202/240)Receiving objects:  85% (204/240)Receiving objects:  86% (207/240)Receiving objects:  87% (209/240)Receiving objects:  88% (212/240)Receiving objects:  89% (214/240)Receiving objects:  90% (216/240)Receiving objects:  91% (219/240)Receiving objects:  92% (221/240)Receiving objects:  93% (224/240)Receiving objects:  94% (226/240)Receiving objects:  95% (228/240)Receiving objects:  96% (231/240)Receiving objects:  97% (233/240)Receiving objects:  98% (236/240)Receiving objects:  99% (238/240)Receiving objects: 100% (240/240)Receiving objects: 100% (240/240), 30.85 KiB | 535.00 KiB/s, done.
Resolving deltas:   0% (0/118)Resolving deltas:   6% (8/118)Resolving deltas:  49% (58/118)Resolving deltas: 100% (118/118)Resolving deltas: 100% (118/118), completed with 1 local object.
From github.com:hogenttin/ilnx-labos-2021-thomaxxl
   20b71e1..fc937f0  master     -> origin/master
Updating 20b71e1..fc937f0
Fast-forward
 logs/putty-1014-102532.log | 332 ++++++++++++++++++++++++++++++++++++++++++++++++++++++++++++-
 1 file changed, 331 insertions(+), 1 deletion(-)
[thomas@localhost ilnx-labos-2021-thomaxxl]$ ssh)-keygen 
Generating public/private rsa key pair.
Enter file in which to save the key (/home/thomas/.ssh/id_rsa): ^C
[thomas@localhost ilnx-labos-2021-thomaxxl]$ ssh-keygen git pullsh origin mastercommit -am "test"statusadd *cat ~/.ssh/id_rsa.pub head -100 /etc/services | awk '{print $2}'}'N}'F}'
/etc/services:
$
#
style
2016-07-08
#
well-known
entries
operations.
ports
ones.
#
from
http://www.iana.org/assignments/port-numbers
1023.
49151
65535
#
form:
#
comment]

multiplexer
multiplexer
Entry
Entry
7/tcp
7/udp
null
null
users
users
13/tcp
13/udp
quote
quote
source
source
20/tcp
20/udp
fsp
21/tcp
fspd
Protocol
Protocol
23/tcp
23/udp
system
Delivery
Delivery
mail
mail
timserver
timserver
location
location
116
116
whois
whois
(TACACS)
(TACACS)
Protocol
Protocol
server
53/udp
whoispp
whoispp
server
67/udp
client
dhcpc
69/tcp
69/udp
Gopher
70/udp
Service
Service
Service
Service
Service
Service
Service
Service
79/tcp
79/udp
HTTP
Protocol
Protocol
v5
v5
95/tcp
95/udp
sri-nic
sri-nic
ISODE.
server
cso
already
an
[thomas@localhost ilnx-labos-2021-thomaxxl]$ head -100 /etc/services | awk '{print $NF}'ssh-keygen head -100 /etc/services | awk '{print $NF}'
[thomas@localhost ilnx-labos-2021-thomaxxl]$ 
[thomas@localhost ilnx-labos-2021-thomaxxl]$ cat /etc/passwd
root:x:0:0:root:/root:/bin/bash
bin:x:1:1:bin:/bin:/sbin/nologin
daemon:x:2:2:daemon:/sbin:/sbin/nologin
adm:x:3:4:adm:/var/adm:/sbin/nologin
lp:x:4:7:lp:/var/spool/lpd:/sbin/nologin
sync:x:5:0:sync:/sbin:/bin/sync
shutdown:x:6:0:shutdown:/sbin:/sbin/shutdown
halt:x:7:0:halt:/sbin:/sbin/halt
mail:x:8:12:mail:/var/spool/mail:/sbin/nologin
operator:x:11:0:operator:/root:/sbin/nologin
games:x:12:100:games:/usr/games:/sbin/nologin
ftp:x:14:50:FTP User:/var/ftp:/sbin/nologin
nobody:x:65534:65534:Kernel Overflow User:/:/sbin/nologin
systemd-coredump:x:999:997:systemd Core Dumper:/:/sbin/nologin
systemd-network:x:192:192:systemd Network Management:/:/sbin/nologin
systemd-resolve:x:193:193:systemd Resolver:/:/sbin/nologin
dbus:x:81:81:System message bus:/:/sbin/nologin
tss:x:59:59:Account used by the trousers package to sandbox the tcsd daemon:/dev/null:/sbin/nologin
qemu:x:107:107:qemu user:/:/sbin/nologin
gluster:x:998:996:GlusterFS daemons:/run/gluster:/sbin/nologin
polkitd:x:997:994:User for polkitd:/:/sbin/nologin
rtkit:x:172:172:RealtimeKit:/proc:/sbin/nologin
pulse:x:171:171:PulseAudio System Daemon:/var/run/pulse:/sbin/nologin
systemd-timesync:x:996:991:systemd Time Synchronization:/:/sbin/nologin
avahi:x:70:70:Avahi mDNS/DNS-SD Stack:/var/run/avahi-daemon:/sbin/nologin
pipewire:x:995:990:PipeWire System Daemon:/var/run/pipewire:/sbin/nologin
chrony:x:994:989::/var/lib/chrony:/sbin/nologin
unbound:x:993:988:Unbound DNS resolver:/etc/unbound:/sbin/nologin
usbmuxd:x:113:113:usbmuxd user:/:/sbin/nologin
dnsmasq:x:987:987:Dnsmasq DHCP and DNS server:/var/lib/dnsmasq:/usr/sbin/nologin
geoclue:x:986:986:User for geoclue:/var/lib/geoclue:/sbin/nologin
saslauth:x:985:76:Saslauthd user:/run/saslauthd:/sbin/nologin
radvd:x:75:75:radvd user:/:/sbin/nologin
rpc:x:32:32:Rpcbind Daemon:/var/lib/rpcbind:/sbin/nologin
apache:x:48:48:Apache:/usr/share/httpd:/sbin/nologin
colord:x:984:984:User for colord:/var/lib/colord:/sbin/nologin
rpcuser:x:29:29:RPC Service User:/var/lib/nfs:/sbin/nologin
openvpn:x:983:982:OpenVPN:/etc/openvpn:/sbin/nologin
nm-openvpn:x:982:981:Default user for running openvpn spawned by NetworkManager:/:/sbin/nologin
abrt:x:173:173::/etc/abrt:/sbin/nologin
nm-openconnect:x:981:979:NetworkManager user for OpenConnect:/:/sbin/nologin
flatpak:x:980:978:User for flatpak system helper:/:/sbin/nologin
gdm:x:42:42::/var/lib/gdm:/sbin/nologin
gnome-initial-setup:x:979:977::/run/gnome-initial-setup/:/sbin/nologin
sshd:x:74:74:Privilege-separated SSH:/var/empty/sshd:/sbin/nologin
vboxadd:x:978:1::/var/run/vboxadd:/sbin/nologin
tcpdump:x:72:72::/:/sbin/nologin
thomas:x:1000:1000:thomas:/home/thomas:/bin/bash
[thomas@localhost ilnx-labos-2021-thomaxxl]$ cat /etc/passwd | cut -f 3 -d :
0
1
2
3
4
5
6
7
8
11
12
14
65534
999
192
193
81
59
107
998
997
172
171
996
70
995
994
993
113
987
986
985
75
32
48
984
29
983
982
173
981
980
42
979
74
978
72
1000
[thomas@localhost ilnx-labos-2021-thomaxxl]$ cat /etc/passwd | cut -f 3 -d :5
root
bin
daemon
adm
lp
sync
shutdown
halt
mail
operator
games
FTP User
Kernel Overflow User
systemd Core Dumper
systemd Network Management
systemd Resolver
System message bus
Account used by the trousers package to sandbox the tcsd daemon
qemu user
GlusterFS daemons
User for polkitd
RealtimeKit
PulseAudio System Daemon
systemd Time Synchronization
Avahi mDNS/DNS-SD Stack
PipeWire System Daemon

Unbound DNS resolver
usbmuxd user
Dnsmasq DHCP and DNS server
User for geoclue
Saslauthd user
radvd user
Rpcbind Daemon
Apache
User for colord
RPC Service User
OpenVPN
Default user for running openvpn spawned by NetworkManager

NetworkManager user for OpenConnect
User for flatpak system helper


Privilege-separated SSH


thomas
[thomas@localhost ilnx-labos-2021-thomaxxl]$ 