=~=~=~=~=~=~=~=~=~=~=~= PuTTY log 2020.10.14 10:25:32 =~=~=~=~=~=~=~=~=~=~=~=
login as: thomas
thomas@192.168.193.128's password: 
Last login: Wed Oct 14 09:18:16 2020 from 192.168.193.1
[thomas@localhost ~]$ ls
 a                   documents.tar.gz   file3                      Openbaar
 Afbeeldingen        Downloads          ilnx-labos-2021-thomaxxl   Sjablonen
 Bureaublad          f                  linux                      TEST
 Documenten          file1              linux.tar.bz2              test.txt
 documents.tar.bz2   file2              Muziek                    "Video's"
[thomas@localhost ~]$ find / -type d > all.txt 2>&1
[thomas@localhost ~]$ less all.txt 7
/
/boot
/boot/extlinux
/boot/loader
/boot/loader/entries
find: /boot/loader/entries: Toegang geweigerd
/boot/efi
find: /boot/efi: Toegang geweigerd
/boot/lost+found
find: /boot/lost+found: Toegang geweigerd
/boot/grub2
find: /boot/grub2: Toegang geweigerd
/proc
/proc/fs
/proc/fs/ext4
/proc/fs/ext4/dm-0
/proc/fs/ext4/sda1
/proc/fs/jbd2
/proc/fs/jbd2/dm-0-8
/proc/fs/jbd2/sda1-8
/proc/fs/nfsd
/proc/bus
/proc/bus/pci
all.txt[thomas@localhost ~]$ cd ilnx-labos-2021-thomaxxl/
[thomas@localhost ilnx-labos-2021-thomaxxl]$ git remote -v
origingit@github.com:hogenttin/ilnx-labos-2021-thomaxxl.git (fetch)
origingit@github.com:hogenttin/ilnx-labos-2021-thomaxxl.git (push)
[thomas@localhost ilnx-labos-2021-thomaxxl]$ 
[thomas@localhost ilnx-labos-2021-thomaxxl]$ 
[thomas@localhost ilnx-labos-2021-thomaxxl]$ ssh-keygen
Generating public/private rsa key pair.
Enter file in which to save the key (/home/thomas/.ssh/id_rsa): 
/home/thomas/.ssh/id_rsa already exists.
Overwrite (y/n)? ^C
[thomas@localhost ilnx-labos-2021-thomaxxl]$ 
[thomas@localhost ilnx-labos-2021-thomaxxl]$ 
[thomas@localhost ilnx-labos-2021-thomaxxl]$ 
[thomas@localhost ilnx-labos-2021-thomaxxl]$ 
[thomas@localhost ilnx-labos-2021-thomaxxl]$ ls ~/.ssh/
id_rsa  id_rsa.pub  known_hosts
[thomas@localhost ilnx-labos-2021-thomaxxl]$ ls ~/.ssh/ ~/.ssh/c ~/.ssh/a ~/.ssh/t ~/.ssh/id_rsa.pub
ssh-rsa AAAAB3NzaC1yc2EAAAADAQABAAABgQDTY4Nrn3JFP5pzK6KiVGNfQJTjRmYr3KA6jJ2OIxn85JXxeLEDiDqpyQcOgJ2AUq++OQcN+zErWO7L4mKGFb6dSkWDKBU0eIgCZzscAF6iSBnmDS6tKs3BhHr+EYkj7bVJHup/xMeHN3UbLHbvKJ4Rtm40oFZrcYLE7iZPNFBNazTz+XzuGWK4Od2w8PwGDg6tSBu1FiLIwluxCiqN9XMrnhZYuMGccUFLJcZKN8KerbY7scWAktXRvRqSlvwy4eBE0WamFNS/Ye/Jq5QXjIHHBO64/wieL/BwWMKdfenviWI2o4ZpHyWrzc0hBXyVG9/V64HlkUGFVepGUHxItHXok7coW/P5TffmQID7I7UP/qv6w2qx6Yh/LiZwF4MIx0sJxxSFAKPerLRNZjMKowG9N6GhLavYTrNWGl94Fy38ce5Oe9Rkn8hYyp+XOSqD/l0aA18InvAxYEL7ofwQoxdXNfmykUOU19vKirh/uXJ0IZWw+z2C/fZuf4EeUUEDJUE= thomas@localhost.localdomain
[thomas@localhost ilnx-labos-2021-thomaxxl]$ [thomas@localhost ilnx-labos-2021-thomaxxl]$ 
[thomas@localhost ilnx-labos-2021-thomaxxl]$ 
[thomas@localhost ilnx-labos-2021-thomaxxl]$ 
[thomas@localhost ilnx-labos-2021-thomaxxl]$ cat ~/.ssh/id_rsa.publs ~/.ssh/ssh-keygengit remote -v
origingit@github.com:hogenttin/ilnx-labos-2021-thomaxxl.git (fetch)
origingit@github.com:hogenttin/ilnx-labos-2021-thomaxxl.git (push)
[thomas@localhost ilnx-labos-2021-thomaxxl]$ cd /var/tmp/
[thomas@localhost tmp]$ git clone  git@github.com:hogenttin/ilnx-labos-2021-thomaxxl.git
Cloning into 'ilnx-labos-2021-thomaxxl'...
remote: Enumerating objects: 162, done.
remote: Counting objects:   0% (1/162)remote: Counting objects:   1% (2/162)remote: Counting objects:   2% (4/162)remote: Counting objects:   3% (5/162)remote: Counting objects:   4% (7/162)remote: Counting objects:   5% (9/162)remote: Counting objects:   6% (10/162)remote: Counting objects:   7% (12/162)remote: Counting objects:   8% (13/162)remote: Counting objects:   9% (15/162)remote: Counting objects:  10% (17/162)remote: Counting objects:  11% (18/162)remote: Counting objects:  12% (20/162)remote: Counting objects:  13% (22/162)remote: Counting objects:  14% (23/162)remote: Counting objects:  15% (25/162)remote: Counting objects:  16% (26/162)remote: Counting objects:  17% (28/162)remote: Counting objects:  18% (30/162)remote: Counting objects:  19% (31/162)remote: Counting objects:  20% (33/162)remote: Counting objects:  21% (35/162)remote: Counting objects:  22% (36/162)remote: Counting objects:  23% (38/162)remote: Counting objects:  24% (39/162)remote: Counting objects:  25% (41/162)remote: Counting objects:  26% (43/162)remote: Counting objects:  27% (44/162)remote: Counting objects:  28% (46/162)remote: Counting objects:  29% (47/162)remote: Counting objects:  30% (49/162)remote: Counting objects:  31% (51/162)remote: Counting objects:  32% (52/162)remote: Counting objects:  33% (54/162)remote: Counting objects:  34% (56/162)remote: Counting objects:  35% (57/162)remote: Counting objects:  36% (59/162)remote: Counting objects:  37% (60/162)remote: Counting objects:  38% (62/162)remote: Counting objects:  39% (64/162)remote: Counting objects:  40% (65/162)remote: Counting objects:  41% (67/162)remote: Counting objects:  42% (69/162)remote: Counting objects:  43% (70/162)remote: Counting objects:  44% (72/162)remote: Counting objects:  45% (73/162)remote: Counting objects:  46% (75/162)remote: Counting objects:  47% (77/162)remote: Counting objects:  48% (78/162)remote: Counting objects:  49% (80/162)remote: Counting objects:  50% (81/162)remote: Counting objects:  51% (83/162)remote: Counting objects:  52% (85/162)remote: Counting objects:  53% (86/162)remote: Counting objects:  54% (88/162)remote: Counting objects:  55% (90/162)remote: Counting objects:  56% (91/162)remote: Counting objects:  57% (93/162)remote: Counting objects:  58% (94/162)remote: Counting objects:  59% (96/162)remote: Counting objects:  60% (98/162)remote: Counting objects:  61% (99/162)remote: Counting objects:  62% (101/162)remote: Counting objects:  63% (103/162)remote: Counting objects:  64% (104/162)remote: Counting objects:  65% (106/162)remote: Counting objects:  66% (107/162)remote: Counting objects:  67% (109/162)remote: Counting objects:  68% (111/162)remote: Counting objects:  69% (112/162)remote: Counting objects:  70% (114/162)remote: Counting objects:  71% (116/162)remote: Counting objects:  72% (117/162)remote: Counting objects:  73% (119/162)remote: Counting objects:  74% (120/162)remote: Counting objects:  75% (122/162)remote: Counting objects:  76% (124/162)remote: Counting objects:  77% (125/162)remote: Counting objects:  78% (127/162)remote: Counting objects:  79% (128/162)remote: Counting objects:  80% (130/162)remote: Counting objects:  81% (132/162)remote: Counting objects:  82% (133/162)remote: Counting objects:  83% (135/162)remote: Counting objects:  84% (137/162)remote: Counting objects:  85% (138/162)remote: Counting objects:  86% (140/162)remote: Counting objects:  87% (141/162)remote: Counting objects:  88% (143/162)remote: Counting objects:  89% (145/162)remote: Counting objects:  90% (146/162)remote: Counting objects:  91% (148/162)remote: Counting objects:  92% (150/162)remote: Counting objects:  93% (151/162)remote: Counting objects:  94% (153/162)remote: Counting objects:  95% (154/162)remote: Counting objects:  96% (156/162)remote: Counting objects:  97% (158/162)remote: Counting objects:  98% (159/162)remote: Counting objects:  99% (161/162)remote: Counting objects: 100% (162/162)remote: Counting objects: 100% (162/162), done.
remote: Compressing objects:   0% (1/104)remote: Compressing objects:   1% (2/104)remote: Compressing objects:   2% (3/104)remote: Compressing objects:   3% (4/104)remote: Compressing objects:   4% (5/104)remote: Compressing objects:   5% (6/104)remote: Compressing objects:   6% (7/104)remote: Compressing objects:   7% (8/104)remote: Compressing objects:   8% (9/104)remote: Compressing objects:   9% (10/104)remote: Compressing objects:  10% (11/104)remote: Compressing objects:  11% (12/104)remote: Compressing objects:  12% (13/104)remote: Compressing objects:  13% (14/104)remote: Compressing objects:  14% (15/104)remote: Compressing objects:  15% (16/104)remote: Compressing objects:  16% (17/104)remote: Compressing objects:  17% (18/104)remote: Compressing objects:  18% (19/104)remote: Compressing objects:  19% (20/104)remote: Compressing objects:  20% (21/104)remote: Compressing objects:  21% (22/104)remote: Compressing objects:  22% (23/104)remote: Compressing objects:  23% (24/104)remote: Compressing objects:  24% (25/104)remote: Compressing objects:  25% (26/104)remote: Compressing objects:  26% (28/104)remote: Compressing objects:  27% (29/104)remote: Compressing objects:  28% (30/104)remote: Compressing objects:  29% (31/104)remote: Compressing objects:  30% (32/104)remote: Compressing objects:  31% (33/104)remote: Compressing objects:  32% (34/104)remote: Compressing objects:  33% (35/104)remote: Compressing objects:  34% (36/104)remote: Compressing objects:  35% (37/104)remote: Compressing objects:  36% (38/104)remote: Compressing objects:  37% (39/104)remote: Compressing objects:  38% (40/104)remote: Compressing objects:  39% (41/104)remote: Compressing objects:  40% (42/104)remote: Compressing objects:  41% (43/104)remote: Compressing objects:  42% (44/104)remote: Compressing objects:  43% (45/104)remote: Compressing objects:  44% (46/104)remote: Compressing objects:  45% (47/104)remote: Compressing objects:  46% (48/104)remote: Compressing objects:  47% (49/104)remote: Compressing objects:  48% (50/104)remote: Compressing objects:  49% (51/104)remote: Compressing objects:  50% (52/104)remote: Compressing objects:  51% (54/104)remote: Compressing objects:  52% (55/104)remote: Compressing objects:  53% (56/104)remote: Compressing objects:  54% (57/104)remote: Compressing objects:  55% (58/104)remote: Compressing objects:  56% (59/104)remote: Compressing objects:  57% (60/104)remote: Compressing objects:  58% (61/104)remote: Compressing objects:  59% (62/104)remote: Compressing objects:  60% (63/104)remote: Compressing objects:  61% (64/104)remote: Compressing objects:  62% (65/104)remote: Compressing objects:  63% (66/104)remote: Compressing objects:  64% (67/104)remote: Compressing objects:  65% (68/104)remote: Compressing objects:  66% (69/104)remote: Compressing objects:  67% (70/104)remote: Compressing objects:  68% (71/104)remote: Compressing objects:  69% (72/104)remote: Compressing objects:  70% (73/104)remote: Compressing objects:  71% (74/104)remote: Compressing objects:  72% (75/104)remote: Compressing objects:  73% (76/104)remote: Compressing objects:  74% (77/104)remote: Compressing objects:  75% (78/104)remote: Compressing objects:  76% (80/104)remote: Compressing objects:  77% (81/104)remote: Compressing objects:  78% (82/104)remote: Compressing objects:  79% (83/104)remote: Compressing objects:  80% (84/104)remote: Compressing objects:  81% (85/104)remote: Compressing objects:  82% (86/104)remote: Compressing objects:  83% (87/104)remote: Compressing objects:  84% (88/104)remote: Compressing objects:  85% (89/104)remote: Compressing objects:  86% (90/104)remote: Compressing objects:  87% (91/104)remote: Compressing objects:  88% (92/104)remote: Compressing objects:  89% (93/104)remote: Compressing objects:  90% (94/104)remote: Compressing objects:  91% (95/104)remote: Compressing objects:  92% (96/104)remote: Compressing objects:  93% (97/104)remote: Compressing objects:  94% (98/104)remote: Compressing objects:  95% (99/104)remote: Compressing objects:  96% (100/104)remote: Compressing objects:  97% (101/104)remote: Compressing objects:  98% (102/104)remote: Compressing objects:  99% (103/104)remote: Compressing objects: 100% (104/104)remote: Compressing objects: 100% (104/104), done.
Receiving objects:   0% (1/162)Receiving objects:   1% (2/162)Receiving objects:   2% (4/162)Receiving objects:   3% (5/162)Receiving objects:   4% (7/162)Receiving objects:   5% (9/162)Receiving objects:   6% (10/162)Receiving objects:   7% (12/162)Receiving objects:   8% (13/162)Receiving objects:   9% (15/162)Receiving objects:  10% (17/162)Receiving objects:  11% (18/162)Receiving objects:  12% (20/162)Receiving objects:  13% (22/162)Receiving objects:  14% (23/162)Receiving objects:  15% (25/162)Receiving objects:  16% (26/162)Receiving objects:  17% (28/162)Receiving objects:  18% (30/162)Receiving objects:  19% (31/162)Receiving objects:  20% (33/162)Receiving objects:  21% (35/162)Receiving objects:  22% (36/162)Receiving objects:  23% (38/162)Receiving objects:  24% (39/162)Receiving objects:  25% (41/162)Receiving objects:  26% (43/162)Receiving objects:  27% (44/162)Receiving objects:  28% (46/162)Receiving objects:  29% (47/162)remote: Total 162 (delta 66), reused 116 (delta 28), pack-reused 0
Receiving objects:  30% (49/162)Receiving objects:  31% (51/162)Receiving objects:  32% (52/162)Receiving objects:  33% (54/162)Receiving objects:  34% (56/162)Receiving objects:  35% (57/162)Receiving objects:  36% (59/162)Receiving objects:  37% (60/162)Receiving objects:  38% (62/162)Receiving objects:  39% (64/162)Receiving objects:  40% (65/162)Receiving objects:  41% (67/162)Receiving objects:  42% (69/162)Receiving objects:  43% (70/162)Receiving objects:  44% (72/162)Receiving objects:  45% (73/162)Receiving objects:  46% (75/162)Receiving objects:  47% (77/162)Receiving objects:  48% (78/162)Receiving objects:  49% (80/162)Receiving objects:  50% (81/162)Receiving objects:  51% (83/162)Receiving objects:  52% (85/162)Receiving objects:  53% (86/162)Receiving objects:  54% (88/162)Receiving objects:  55% (90/162)Receiving objects:  56% (91/162)Receiving objects:  57% (93/162)Receiving objects:  58% (94/162)Receiving objects:  59% (96/162)Receiving objects:  60% (98/162)Receiving objects:  61% (99/162)Receiving objects:  62% (101/162)Receiving objects:  63% (103/162)Receiving objects:  64% (104/162)Receiving objects:  65% (106/162)Receiving objects:  66% (107/162)Receiving objects:  67% (109/162)Receiving objects:  68% (111/162)Receiving objects:  69% (112/162)Receiving objects:  70% (114/162)Receiving objects:  71% (116/162)Receiving objects:  72% (117/162)Receiving objects:  73% (119/162)Receiving objects:  74% (120/162)Receiving objects:  75% (122/162)Receiving objects:  76% (124/162)Receiving objects:  77% (125/162)Receiving objects:  78% (127/162)Receiving objects:  79% (128/162)Receiving objects:  80% (130/162)Receiving objects:  81% (132/162)Receiving objects:  82% (133/162)Receiving objects:  83% (135/162)Receiving objects:  84% (137/162)Receiving objects:  85% (138/162)Receiving objects:  86% (140/162)Receiving objects:  87% (141/162)Receiving objects:  88% (143/162)Receiving objects:  89% (145/162)Receiving objects:  90% (146/162)Receiving objects:  91% (148/162)Receiving objects:  92% (150/162)Receiving objects:  93% (151/162)Receiving objects:  94% (153/162)Receiving objects:  95% (154/162)Receiving objects:  96% (156/162)Receiving objects:  97% (158/162)Receiving objects:  98% (159/162)Receiving objects:  99% (161/162)Receiving objects: 100% (162/162)Receiving objects: 100% (162/162), 40.82 KiB | 491.00 KiB/s, done.
Resolving deltas:   0% (0/66)Resolving deltas:  50% (33/66)Resolving deltas:  51% (34/66)Resolving deltas:  53% (35/66)Resolving deltas:  93% (62/66)Resolving deltas: 100% (66/66)Resolving deltas: 100% (66/66), done.
[thomas@localhost tmp]$ ls
abrt
dnf-thomas-sbe3qbav
ilnx-labos-2021-thomaxxl
systemd-private-11de6fed983c4be8b7a9fb54f4f91369-bluetooth.service-Mj98Ag
systemd-private-11de6fed983c4be8b7a9fb54f4f91369-chronyd.service-cumicj
systemd-private-11de6fed983c4be8b7a9fb54f4f91369-colord.service-wWrH8e
systemd-private-11de6fed983c4be8b7a9fb54f4f91369-dbus-broker.service-wZLK1h
systemd-private-11de6fed983c4be8b7a9fb54f4f91369-earlyoom.service-dptt3i
systemd-private-11de6fed983c4be8b7a9fb54f4f91369-fwupd.service-zzAGzg
systemd-private-11de6fed983c4be8b7a9fb54f4f91369-geoclue.service-CWbyvg
systemd-private-11de6fed983c4be8b7a9fb54f4f91369-ModemManager.service-ewsVQg
systemd-private-11de6fed983c4be8b7a9fb54f4f91369-rtkit-daemon.service-5OKryf
systemd-private-11de6fed983c4be8b7a9fb54f4f91369-switcheroo-control.service-KJpbGh
systemd-private-11de6fed983c4be8b7a9fb54f4f91369-systemd-logind.service-ynpgEf
systemd-private-11de6fed983c4be8b7a9fb54f4f91369-upower.service-nc094g
[thomas@localhost tmp]$ cd ilnx-labos-2021-thomaxxl
[thomas@localhost ilnx-labos-2021-thomaxxl]$ ll
totaal 92
-rw-rw-r--. 1 thomas thomas   888 14 okt 10:38 cheat-sheet.md
-rw-rw-r--. 1 thomas thomas  3704 14 okt 10:38 labo-1-installatie.md
-rw-rw-r--. 1 thomas thomas 11353 14 okt 10:38 labo-2-verkenning.md
drwxrwxr-x. 2 thomas thomas  4096 14 okt 10:38 labo3
-rw-rw-r--. 1 thomas thomas  9622 14 okt 10:38 labo-3-tekst.md
-rw-rw-r--. 1 thomas thomas  1994 14 okt 10:38 labo-4-intro-scripts.md
-rw-rw-r--. 1 thomas thomas 13301 14 okt 10:38 labo-5-gebruikers-bestandspermissies.md
drwxrwxr-x. 3 thomas thomas  4096 14 okt 10:38 labo6
-rw-rw-r--. 1 thomas thomas  6242 14 okt 10:38 labo-6-scripts.md
-rw-rw-r--. 1 thomas thomas  5967 14 okt 10:38 labo-7-webserver.md
drwxrwxr-x. 3 thomas thomas  4096 14 okt 10:38 labo8
-rw-rw-r--. 1 thomas thomas  3913 14 okt 10:38 labo-8-complex-scripts.md
drwxrwxr-x. 2 thomas thomas  4096 14 okt 10:38 logs
-rw-rw-r--. 1 thomas thomas  3369 14 okt 10:38 README.md
[thomas@localhost ilnx-labos-2021-thomaxxl]$ ssh-keygen 
Generating public/private rsa key pair.
Enter file in which to save the key (/home/thomas/.ssh/id_rsa): ^C
[thomas@localhost ilnx-labos-2021-thomaxxl]$ cat ~/.ssh/id_rsa.pub .pub
ssh-rsa AAAAB3NzaC1yc2EAAAADAQABAAABgQDTY4Nrn3JFP5pzK6KiVGNfQJTjRmYr3KA6jJ2OIxn85JXxeLEDiDqpyQcOgJ2AUq++OQcN+zErWO7L4mKGFb6dSkWDKBU0eIgCZzscAF6iSBnmDS6tKs3BhHr+EYkj7bVJHup/xMeHN3UbLHbvKJ4Rtm40oFZrcYLE7iZPNFBNazTz+XzuGWK4Od2w8PwGDg6tSBu1FiLIwluxCiqN9XMrnhZYuMGccUFLJcZKN8KerbY7scWAktXRvRqSlvwy4eBE0WamFNS/Ye/Jq5QXjIHHBO64/wieL/BwWMKdfenviWI2o4ZpHyWrzc0hBXyVG9/V64HlkUGFVepGUHxItHXok7coW/P5TffmQID7I7UP/qv6w2qx6Yh/LiZwF4MIx0sJxxSFAKPerLRNZjMKowG9N6GhLavYTrNWGl94Fy38ce5Oe9Rkn8hYyp+XOSqD/l0aA18InvAxYEL7ofwQoxdXNfmykUOU19vKirh/uXJ0IZWw+z2C/fZuf4EeUUEDJUE= thomas@localhost.localdomain
[thomas@localhost ilnx-labos-2021-thomaxxl]$ printf 'Error: %s is not a directory\n' "${dir}" >&2
Error:  is not a directory
[thomas@localhost ilnx-labos-2021-thomaxxl]$ cat << _EOF_
> Usage: ${0} [OPT]... [ARG]..
> 
> OPTIONS:
>   -h, --help  Print this help message
> 
> _EOF_
Usage: -bash [OPT]... [ARG]..

OPTIONS:
  -h, --help  Print this help message

[thomas@localhost ilnx-labos-2021-thomaxxl]$ 
[thomas@localhost ilnx-labos-2021-thomaxxl]$ 
[thomas@localhost ilnx-labos-2021-thomaxxl]$ 
[thomas@localhost ilnx-labos-2021-thomaxxl]$ cat << TEST
> sqqsdf
> fqdssd
> sdqfvcxzefqf
> qsdf
> TEST
sqqsdf
fqdssd
sdqfvcxzefqf
qsdf
[thomas@localhost ilnx-labos-2021-thomaxxl]$ 
[thomas@localhost ilnx-labos-2021-thomaxxl]$ 
[thomas@localhost ilnx-labos-2021-thomaxxl]$ 
[thomas@localhost ilnx-labos-2021-thomaxxl]$ ls
cheat-sheet.md         labo-3-tekst.md                          labo-6-scripts.md          logs
labo-1-installatie.md  labo-4-intro-scripts.md                  labo-7-webserver.md        README.md
labo-2-verkenning.md   labo-5-gebruikers-bestandspermissies.md  labo8
labo3                  labo6                                    labo-8-complex-scripts.md
[thomas@localhost ilnx-labos-2021-thomaxxl]$ ls | grep 